MPLINK 5.09, LINKER
Linker Map File - Created Thu Aug 22 23:21:28 2024

                                 Section Info
                  Section       Type    Address   Location Size(Bytes)
                ---------  ---------  ---------  ---------  ---------
                   .org_0       code   0x000000    program   0x000002
                   .cinit    romdata   0x000001    program   0x000004
                   .org_1       code   0x000004    program   0x000124
.config_2007_BUILD/DEFAULT/DEBUG/CLOCK_7SEGME       code   0x002007    program   0x000002



                              Program Memory Usage 
                               Start         End      
                           ---------   ---------      
                            0x000000    0x000002      
                            0x000004    0x000095      
                            0x002007    0x002007      
            150 out of 2182 program addresses used, program memory utilization is 6%



                              Symbols - Sorted by Name
                     Name    Address   Location    Storage File                     
                ---------  ---------  ---------  --------- ---------                
                     DLP1   0x000060    program     static D:\program\Clock_7Segment.X\Clock_7Segment_main.asm
                     DLP2   0x000062    program     static D:\program\Clock_7Segment.X\Clock_7Segment_main.asm
                   DLY_50   0x00005e    program     static D:\program\Clock_7Segment.X\Clock_7Segment_main.asm
                      ISR   0x000069    program     static D:\program\Clock_7Segment.X\Clock_7Segment_main.asm
                a_pattern   0x000042    program     static D:\program\Clock_7Segment.X\Clock_7Segment_main.asm
                  countup   0x000081    program     static D:\program\Clock_7Segment.X\Clock_7Segment_main.asm
              dynamic_con   0x000021    program     static D:\program\Clock_7Segment.X\Clock_7Segment_main.asm
                 get_hour   0x00002d    program     static D:\program\Clock_7Segment.X\Clock_7Segment_main.asm
              get_hour_16   0x000033    program     static D:\program\Clock_7Segment.X\Clock_7Segment_main.asm
                  get_min   0x00002f    program     static D:\program\Clock_7Segment.X\Clock_7Segment_main.asm
               get_min_16   0x000035    program     static D:\program\Clock_7Segment.X\Clock_7Segment_main.asm
                  get_sec   0x000031    program     static D:\program\Clock_7Segment.X\Clock_7Segment_main.asm
               get_sec_16   0x000037    program     static D:\program\Clock_7Segment.X\Clock_7Segment_main.asm
                inc_digit   0x00003b    program     static D:\program\Clock_7Segment.X\Clock_7Segment_main.asm
                     main   0x000019    program     static D:\program\Clock_7Segment.X\Clock_7Segment_main.asm
                main_loop   0x00001f    program     static D:\program\Clock_7Segment.X\Clock_7Segment_main.asm
                   normal   0x000078    program     static D:\program\Clock_7Segment.X\Clock_7Segment_main.asm
             segment_data   0x00004b    program     static D:\program\Clock_7Segment.X\Clock_7Segment_main.asm
                 set_data   0x000038    program     static D:\program\Clock_7Segment.X\Clock_7Segment_main.asm
                set_point   0x000079    program     static D:\program\Clock_7Segment.X\Clock_7Segment_main.asm
                set_timer   0x000072    program     static D:\program\Clock_7Segment.X\Clock_7Segment_main.asm
                    setup   0x000005    program     static D:\program\Clock_7Segment.X\Clock_7Segment_main.asm



                              Symbols - Sorted by Address
                     Name    Address   Location    Storage File                     
                ---------  ---------  ---------  --------- ---------                
                    setup   0x000005    program     static D:\program\Clock_7Segment.X\Clock_7Segment_main.asm
                     main   0x000019    program     static D:\program\Clock_7Segment.X\Clock_7Segment_main.asm
                main_loop   0x00001f    program     static D:\program\Clock_7Segment.X\Clock_7Segment_main.asm
              dynamic_con   0x000021    program     static D:\program\Clock_7Segment.X\Clock_7Segment_main.asm
                 get_hour   0x00002d    program     static D:\program\Clock_7Segment.X\Clock_7Segment_main.asm
                  get_min   0x00002f    program     static D:\program\Clock_7Segment.X\Clock_7Segment_main.asm
                  get_sec   0x000031    program     static D:\program\Clock_7Segment.X\Clock_7Segment_main.asm
              get_hour_16   0x000033    program     static D:\program\Clock_7Segment.X\Clock_7Segment_main.asm
               get_min_16   0x000035    program     static D:\program\Clock_7Segment.X\Clock_7Segment_main.asm
               get_sec_16   0x000037    program     static D:\program\Clock_7Segment.X\Clock_7Segment_main.asm
                 set_data   0x000038    program     static D:\program\Clock_7Segment.X\Clock_7Segment_main.asm
                inc_digit   0x00003b    program     static D:\program\Clock_7Segment.X\Clock_7Segment_main.asm
                a_pattern   0x000042    program     static D:\program\Clock_7Segment.X\Clock_7Segment_main.asm
             segment_data   0x00004b    program     static D:\program\Clock_7Segment.X\Clock_7Segment_main.asm
                   DLY_50   0x00005e    program     static D:\program\Clock_7Segment.X\Clock_7Segment_main.asm
                     DLP1   0x000060    program     static D:\program\Clock_7Segment.X\Clock_7Segment_main.asm
                     DLP2   0x000062    program     static D:\program\Clock_7Segment.X\Clock_7Segment_main.asm
                      ISR   0x000069    program     static D:\program\Clock_7Segment.X\Clock_7Segment_main.asm
                set_timer   0x000072    program     static D:\program\Clock_7Segment.X\Clock_7Segment_main.asm
                   normal   0x000078    program     static D:\program\Clock_7Segment.X\Clock_7Segment_main.asm
                set_point   0x000079    program     static D:\program\Clock_7Segment.X\Clock_7Segment_main.asm
                  countup   0x000081    program     static D:\program\Clock_7Segment.X\Clock_7Segment_main.asm


