MPLINK 5.09, LINKER
Linker Map File - Created Wed Aug 21 02:32:12 2024

                                 Section Info
                  Section       Type    Address   Location Size(Bytes)
                ---------  ---------  ---------  ---------  ---------
                   .org_0       code   0x000000    program   0x000002
                   .cinit    romdata   0x000001    program   0x000004
                   .org_1       code   0x000004    program   0x000112
.config_2007_BUILD/DEFAULT/PRODUCTION/CLOCK_7       code   0x002007    program   0x000002



                              Program Memory Usage 
                               Start         End      
                           ---------   ---------      
                            0x000000    0x000002      
                            0x000004    0x00008c      
                            0x002007    0x002007      
            141 out of 2182 program addresses used, program memory utilization is 6%



                              Symbols - Sorted by Name
                     Name    Address   Location    Storage File                     
                ---------  ---------  ---------  --------- ---------                
                     DLP1   0x00005d    program     static D:\program\Clock_7Segment.X\Clock_7Segment_main.asm
                     DLP2   0x00005f    program     static D:\program\Clock_7Segment.X\Clock_7Segment_main.asm
                   DLY_50   0x00005b    program     static D:\program\Clock_7Segment.X\Clock_7Segment_main.asm
                      ISR   0x000066    program     static D:\program\Clock_7Segment.X\Clock_7Segment_main.asm
                a_pattern   0x00003f    program     static D:\program\Clock_7Segment.X\Clock_7Segment_main.asm
                  countup   0x000078    program     static D:\program\Clock_7Segment.X\Clock_7Segment_main.asm
              dynamic_con   0x00001c    program     static D:\program\Clock_7Segment.X\Clock_7Segment_main.asm
                   get_16   0x00002c    program     static D:\program\Clock_7Segment.X\Clock_7Segment_main.asm
                  get_min   0x000028    program     static D:\program\Clock_7Segment.X\Clock_7Segment_main.asm
               get_min_16   0x000032    program     static D:\program\Clock_7Segment.X\Clock_7Segment_main.asm
                  get_sec   0x00002a    program     static D:\program\Clock_7Segment.X\Clock_7Segment_main.asm
               get_sec_16   0x000034    program     static D:\program\Clock_7Segment.X\Clock_7Segment_main.asm
                inc_digit   0x000038    program     static D:\program\Clock_7Segment.X\Clock_7Segment_main.asm
                     main   0x000014    program     static D:\program\Clock_7Segment.X\Clock_7Segment_main.asm
                main_loop   0x00001a    program     static D:\program\Clock_7Segment.X\Clock_7Segment_main.asm
             segment_data   0x000048    program     static D:\program\Clock_7Segment.X\Clock_7Segment_main.asm
                 set_data   0x000035    program     static D:\program\Clock_7Segment.X\Clock_7Segment_main.asm
                set_timer   0x00006f    program     static D:\program\Clock_7Segment.X\Clock_7Segment_main.asm
                    setup   0x000005    program     static D:\program\Clock_7Segment.X\Clock_7Segment_main.asm



                              Symbols - Sorted by Address
                     Name    Address   Location    Storage File                     
                ---------  ---------  ---------  --------- ---------                
                    setup   0x000005    program     static D:\program\Clock_7Segment.X\Clock_7Segment_main.asm
                     main   0x000014    program     static D:\program\Clock_7Segment.X\Clock_7Segment_main.asm
                main_loop   0x00001a    program     static D:\program\Clock_7Segment.X\Clock_7Segment_main.asm
              dynamic_con   0x00001c    program     static D:\program\Clock_7Segment.X\Clock_7Segment_main.asm
                  get_min   0x000028    program     static D:\program\Clock_7Segment.X\Clock_7Segment_main.asm
                  get_sec   0x00002a    program     static D:\program\Clock_7Segment.X\Clock_7Segment_main.asm
                   get_16   0x00002c    program     static D:\program\Clock_7Segment.X\Clock_7Segment_main.asm
               get_min_16   0x000032    program     static D:\program\Clock_7Segment.X\Clock_7Segment_main.asm
               get_sec_16   0x000034    program     static D:\program\Clock_7Segment.X\Clock_7Segment_main.asm
                 set_data   0x000035    program     static D:\program\Clock_7Segment.X\Clock_7Segment_main.asm
                inc_digit   0x000038    program     static D:\program\Clock_7Segment.X\Clock_7Segment_main.asm
                a_pattern   0x00003f    program     static D:\program\Clock_7Segment.X\Clock_7Segment_main.asm
             segment_data   0x000048    program     static D:\program\Clock_7Segment.X\Clock_7Segment_main.asm
                   DLY_50   0x00005b    program     static D:\program\Clock_7Segment.X\Clock_7Segment_main.asm
                     DLP1   0x00005d    program     static D:\program\Clock_7Segment.X\Clock_7Segment_main.asm
                     DLP2   0x00005f    program     static D:\program\Clock_7Segment.X\Clock_7Segment_main.asm
                      ISR   0x000066    program     static D:\program\Clock_7Segment.X\Clock_7Segment_main.asm
                set_timer   0x00006f    program     static D:\program\Clock_7Segment.X\Clock_7Segment_main.asm
                  countup   0x000078    program     static D:\program\Clock_7Segment.X\Clock_7Segment_main.asm


